I'm sorry, but errors were detected in your script. Please correct the
errors listed below, and try again.


File "game/script.rpy", line 1079: expected 'simple_expression' not found.
    with $ renpy.pause(2, hard = True)
         ^

Ren'Py Version: Ren'Py 8.1.3.23091805
Sun Mar  3 01:23:19 2024
